[2023-01-04T17:47:02.634-0300][gc,heap] Heap region size: 1M
[2023-01-04T17:47:02.641-0300][gc     ] Using G1
[2023-01-04T17:47:02.641-0300][gc,heap,coops] Heap address: 0x00000000c0000000, size: 1024 MB, Compressed Oops mode: 32-bit
[2023-01-04T17:47:03.538-0300][gc,start     ] GC(0) Pause Young (Concurrent Start) (Metadata GC Threshold)
[2023-01-04T17:47:03.538-0300][gc,task      ] GC(0) Using 4 workers of 4 for evacuation
[2023-01-04T17:47:03.545-0300][gc,phases    ] GC(0)   Pre Evacuate Collection Set: 0.0ms
[2023-01-04T17:47:03.545-0300][gc,phases    ] GC(0)   Evacuate Collection Set: 6.1ms
[2023-01-04T17:47:03.545-0300][gc,phases    ] GC(0)   Post Evacuate Collection Set: 0.6ms
[2023-01-04T17:47:03.545-0300][gc,phases    ] GC(0)   Other: 0.7ms
[2023-01-04T17:47:03.545-0300][gc,heap      ] GC(0) Eden regions: 40->0(44)
[2023-01-04T17:47:03.545-0300][gc,heap      ] GC(0) Survivor regions: 0->7(7)
[2023-01-04T17:47:03.545-0300][gc,heap      ] GC(0) Old regions: 0->0
[2023-01-04T17:47:03.545-0300][gc,heap      ] GC(0) Humongous regions: 0->0
[2023-01-04T17:47:03.545-0300][gc,metaspace ] GC(0) Metaspace: 20779K(21296K)->20779K(21296K) NonClass: 18337K(18608K)->18337K(18608K) Class: 2442K(2688K)->2442K(2688K)
[2023-01-04T17:47:03.545-0300][gc           ] GC(0) Pause Young (Concurrent Start) (Metadata GC Threshold) 40M->6M(1024M) 7.423ms
[2023-01-04T17:47:03.545-0300][gc,cpu       ] GC(0) User=0.02s Sys=0.00s Real=0.00s
[2023-01-04T17:47:03.546-0300][gc           ] GC(1) Concurrent Cycle
[2023-01-04T17:47:03.546-0300][gc,marking   ] GC(1) Concurrent Clear Claimed Marks
[2023-01-04T17:47:03.546-0300][gc,marking   ] GC(1) Concurrent Clear Claimed Marks 0.027ms
[2023-01-04T17:47:03.546-0300][gc,marking   ] GC(1) Concurrent Scan Root Regions
[2023-01-04T17:47:03.548-0300][gc,marking   ] GC(1) Concurrent Scan Root Regions 2.094ms
[2023-01-04T17:47:03.548-0300][gc,marking   ] GC(1) Concurrent Mark (0.916s)
[2023-01-04T17:47:03.548-0300][gc,marking   ] GC(1) Concurrent Mark From Roots
[2023-01-04T17:47:03.548-0300][gc,task      ] GC(1) Using 1 workers of 1 for marking
[2023-01-04T17:47:03.548-0300][gc,marking   ] GC(1) Concurrent Mark From Roots 0.319ms
[2023-01-04T17:47:03.548-0300][gc,marking   ] GC(1) Concurrent Preclean
[2023-01-04T17:47:03.548-0300][gc,marking   ] GC(1) Concurrent Preclean 0.051ms
[2023-01-04T17:47:03.548-0300][gc,marking   ] GC(1) Concurrent Mark (0.916s, 0.917s) 0.433ms
[2023-01-04T17:47:03.549-0300][gc,start     ] GC(1) Pause Remark
[2023-01-04T17:47:03.550-0300][gc,stringtable] GC(1) Cleaned string and symbol table, strings: 7189 processed, 0 removed, symbols: 63832 processed, 38 removed
[2023-01-04T17:47:03.550-0300][gc            ] GC(1) Pause Remark 7M->7M(1024M) 1.646ms
[2023-01-04T17:47:03.550-0300][gc,cpu        ] GC(1) User=0.01s Sys=0.00s Real=0.00s
[2023-01-04T17:47:03.551-0300][gc,marking    ] GC(1) Concurrent Rebuild Remembered Sets
[2023-01-04T17:47:03.551-0300][gc,marking    ] GC(1) Concurrent Rebuild Remembered Sets 0.119ms
[2023-01-04T17:47:03.551-0300][gc,start      ] GC(1) Pause Cleanup
[2023-01-04T17:47:03.551-0300][gc            ] GC(1) Pause Cleanup 7M->7M(1024M) 0.449ms
[2023-01-04T17:47:03.551-0300][gc,cpu        ] GC(1) User=0.00s Sys=0.00s Real=0.00s
[2023-01-04T17:47:03.551-0300][gc,marking    ] GC(1) Concurrent Cleanup for Next Mark
[2023-01-04T17:47:03.555-0300][gc,marking    ] GC(1) Concurrent Cleanup for Next Mark 3.516ms
[2023-01-04T17:47:03.555-0300][gc            ] GC(1) Concurrent Cycle 9.435ms
[2023-01-04T17:47:04.237-0300][gc,start      ] GC(2) Pause Young (Normal) (G1 Evacuation Pause)
[2023-01-04T17:47:04.237-0300][gc,task       ] GC(2) Using 4 workers of 4 for evacuation
[2023-01-04T17:47:04.245-0300][gc,phases     ] GC(2)   Pre Evacuate Collection Set: 0.0ms
[2023-01-04T17:47:04.245-0300][gc,phases     ] GC(2)   Evacuate Collection Set: 7.1ms
[2023-01-04T17:47:04.245-0300][gc,phases     ] GC(2)   Post Evacuate Collection Set: 0.5ms
[2023-01-04T17:47:04.245-0300][gc,phases     ] GC(2)   Other: 0.1ms
[2023-01-04T17:47:04.245-0300][gc,heap       ] GC(2) Eden regions: 44->0(48)
[2023-01-04T17:47:04.245-0300][gc,heap       ] GC(2) Survivor regions: 7->3(7)
[2023-01-04T17:47:04.245-0300][gc,heap       ] GC(2) Old regions: 0->7
[2023-01-04T17:47:04.245-0300][gc,heap       ] GC(2) Humongous regions: 129->129
[2023-01-04T17:47:04.245-0300][gc,metaspace  ] GC(2) Metaspace: 30872K(31792K)->30872K(31792K) NonClass: 27024K(27568K)->27024K(27568K) Class: 3847K(4224K)->3847K(4224K)
[2023-01-04T17:47:04.245-0300][gc            ] GC(2) Pause Young (Normal) (G1 Evacuation Pause) 179M->137M(1024M) 7.829ms
[2023-01-04T17:47:04.245-0300][gc,cpu        ] GC(2) User=0.02s Sys=0.02s Real=0.01s
[2023-01-04T17:47:04.471-0300][gc,start      ] GC(3) Pause Young (Concurrent Start) (Metadata GC Threshold)
[2023-01-04T17:47:04.471-0300][gc,task       ] GC(3) Using 4 workers of 4 for evacuation
[2023-01-04T17:47:04.478-0300][gc,phases     ] GC(3)   Pre Evacuate Collection Set: 0.1ms
[2023-01-04T17:47:04.478-0300][gc,phases     ] GC(3)   Evacuate Collection Set: 6.6ms
[2023-01-04T17:47:04.478-0300][gc,phases     ] GC(3)   Post Evacuate Collection Set: 0.3ms
[2023-01-04T17:47:04.478-0300][gc,phases     ] GC(3)   Other: 0.2ms
[2023-01-04T17:47:04.478-0300][gc,heap       ] GC(3) Eden regions: 23->0(47)
[2023-01-04T17:47:04.478-0300][gc,heap       ] GC(3) Survivor regions: 3->4(7)
[2023-01-04T17:47:04.478-0300][gc,heap       ] GC(3) Old regions: 7->7
[2023-01-04T17:47:04.478-0300][gc,heap       ] GC(3) Humongous regions: 129->129
[2023-01-04T17:47:04.478-0300][gc,metaspace  ] GC(3) Metaspace: 34935K(35920K)->34935K(35920K) NonClass: 30751K(31312K)->30751K(31312K) Class: 4183K(4608K)->4183K(4608K)
[2023-01-04T17:47:04.478-0300][gc            ] GC(3) Pause Young (Concurrent Start) (Metadata GC Threshold) 160M->139M(1024M) 7.293ms
[2023-01-04T17:47:04.478-0300][gc,cpu        ] GC(3) User=0.02s Sys=0.00s Real=0.01s
[2023-01-04T17:47:04.478-0300][gc            ] GC(4) Concurrent Cycle
[2023-01-04T17:47:04.478-0300][gc,marking    ] GC(4) Concurrent Clear Claimed Marks
[2023-01-04T17:47:04.478-0300][gc,marking    ] GC(4) Concurrent Clear Claimed Marks 0.024ms
[2023-01-04T17:47:04.478-0300][gc,marking    ] GC(4) Concurrent Scan Root Regions
[2023-01-04T17:47:04.480-0300][gc,marking    ] GC(4) Concurrent Scan Root Regions 2.036ms
[2023-01-04T17:47:04.480-0300][gc,marking    ] GC(4) Concurrent Mark (1.849s)
[2023-01-04T17:47:04.480-0300][gc,marking    ] GC(4) Concurrent Mark From Roots
[2023-01-04T17:47:04.480-0300][gc,task       ] GC(4) Using 1 workers of 1 for marking
[2023-01-04T17:47:04.486-0300][gc,marking    ] GC(4) Concurrent Mark From Roots 5.940ms
[2023-01-04T17:47:04.486-0300][gc,marking    ] GC(4) Concurrent Preclean
[2023-01-04T17:47:04.486-0300][gc,marking    ] GC(4) Concurrent Preclean 0.063ms
[2023-01-04T17:47:04.486-0300][gc,marking    ] GC(4) Concurrent Mark (1.849s, 1.855s) 6.053ms
[2023-01-04T17:47:04.487-0300][gc,start      ] GC(4) Pause Remark
[2023-01-04T17:47:04.501-0300][gc,stringtable] GC(4) Cleaned string and symbol table, strings: 11818 processed, 9 removed, symbols: 94834 processed, 31 removed
[2023-01-04T17:47:04.501-0300][gc            ] GC(4) Pause Remark 140M->140M(1024M) 14.558ms
[2023-01-04T17:47:04.501-0300][gc,cpu        ] GC(4) User=0.05s Sys=0.00s Real=0.02s
[2023-01-04T17:47:04.501-0300][gc,marking    ] GC(4) Concurrent Rebuild Remembered Sets
[2023-01-04T17:47:04.505-0300][gc,marking    ] GC(4) Concurrent Rebuild Remembered Sets 3.738ms
[2023-01-04T17:47:04.505-0300][gc,start      ] GC(4) Pause Cleanup
[2023-01-04T17:47:04.505-0300][gc            ] GC(4) Pause Cleanup 140M->140M(1024M) 0.202ms
[2023-01-04T17:47:04.505-0300][gc,cpu        ] GC(4) User=0.00s Sys=0.00s Real=0.00s
[2023-01-04T17:47:04.505-0300][gc,marking    ] GC(4) Concurrent Cleanup for Next Mark
[2023-01-04T17:47:04.517-0300][gc,marking    ] GC(4) Concurrent Cleanup for Next Mark 11.364ms
[2023-01-04T17:47:04.517-0300][gc            ] GC(4) Concurrent Cycle 38.594ms
[2023-01-04T17:51:44.154-0300][gc,start      ] GC(5) Pause Young (Normal) (G1 Evacuation Pause)
[2023-01-04T17:51:44.154-0300][gc,task       ] GC(5) Using 4 workers of 4 for evacuation
[2023-01-04T17:51:44.161-0300][gc,phases     ] GC(5)   Pre Evacuate Collection Set: 1.4ms
[2023-01-04T17:51:44.161-0300][gc,phases     ] GC(5)   Evacuate Collection Set: 4.7ms
[2023-01-04T17:51:44.161-0300][gc,phases     ] GC(5)   Post Evacuate Collection Set: 0.6ms
[2023-01-04T17:51:44.161-0300][gc,phases     ] GC(5)   Other: 0.3ms
[2023-01-04T17:51:44.161-0300][gc,heap       ] GC(5) Eden regions: 47->0(46)
[2023-01-04T17:51:44.161-0300][gc,heap       ] GC(5) Survivor regions: 4->5(7)
[2023-01-04T17:51:44.161-0300][gc,heap       ] GC(5) Old regions: 7->9
[2023-01-04T17:51:44.161-0300][gc,heap       ] GC(5) Humongous regions: 129->129
[2023-01-04T17:51:44.161-0300][gc,metaspace  ] GC(5) Metaspace: 44302K(46032K)->44302K(46032K) NonClass: 38825K(39760K)->38825K(39760K) Class: 5477K(6272K)->5477K(6272K)
[2023-01-04T17:51:44.161-0300][gc            ] GC(5) Pause Young (Normal) (G1 Evacuation Pause) 186M->142M(1024M) 7.115ms
[2023-01-04T17:51:44.161-0300][gc,cpu        ] GC(5) User=0.02s Sys=0.00s Real=0.01s
[2023-01-04T18:21:05.886-0300][gc,start      ] GC(6) Pause Young (Normal) (G1 Evacuation Pause)
[2023-01-04T18:21:05.886-0300][gc,task       ] GC(6) Using 4 workers of 4 for evacuation
[2023-01-04T18:21:05.898-0300][gc,phases     ] GC(6)   Pre Evacuate Collection Set: 0.6ms
[2023-01-04T18:21:05.898-0300][gc,phases     ] GC(6)   Evacuate Collection Set: 10.9ms
[2023-01-04T18:21:05.898-0300][gc,phases     ] GC(6)   Post Evacuate Collection Set: 0.7ms
[2023-01-04T18:21:05.898-0300][gc,phases     ] GC(6)   Other: 0.3ms
[2023-01-04T18:21:05.898-0300][gc,heap       ] GC(6) Eden regions: 46->0(46)
[2023-01-04T18:21:05.898-0300][gc,heap       ] GC(6) Survivor regions: 5->5(7)
[2023-01-04T18:21:05.898-0300][gc,heap       ] GC(6) Old regions: 9->11
[2023-01-04T18:21:05.898-0300][gc,heap       ] GC(6) Humongous regions: 129->129
[2023-01-04T18:21:05.898-0300][gc,metaspace  ] GC(6) Metaspace: 47586K(50128K)->47586K(50128K) NonClass: 41452K(42832K)->41452K(42832K) Class: 6133K(7296K)->6133K(7296K)
[2023-01-04T18:21:05.898-0300][gc            ] GC(6) Pause Young (Normal) (G1 Evacuation Pause) 188M->143M(1024M) 12.701ms
[2023-01-04T18:21:05.898-0300][gc,cpu        ] GC(6) User=0.04s Sys=0.00s Real=0.01s
[2023-01-04T18:30:38.990-0300][gc,start      ] GC(7) Pause Young (Normal) (G1 Evacuation Pause)
[2023-01-04T18:30:38.990-0300][gc,task       ] GC(7) Using 4 workers of 4 for evacuation
[2023-01-04T18:30:39.416-0300][gc,mmu        ] GC(7) MMU target violated: 21.0ms (20.0ms/21.0ms)
[2023-01-04T18:30:39.416-0300][gc,phases     ] GC(7)   Pre Evacuate Collection Set: 0.0ms
[2023-01-04T18:30:39.421-0300][gc,phases     ] GC(7)   Evacuate Collection Set: 424.9ms
[2023-01-04T18:30:39.421-0300][gc,phases     ] GC(7)   Post Evacuate Collection Set: 0.6ms
[2023-01-04T18:30:39.421-0300][gc,phases     ] GC(7)   Other: 0.3ms
[2023-01-04T18:30:39.421-0300][gc,heap       ] GC(7) Eden regions: 46->0(46)
[2023-01-04T18:30:39.421-0300][gc,heap       ] GC(7) Survivor regions: 5->5(7)
[2023-01-04T18:30:39.421-0300][gc,heap       ] GC(7) Old regions: 11->14
[2023-01-04T18:30:39.421-0300][gc,heap       ] GC(7) Humongous regions: 129->129
[2023-01-04T18:30:39.421-0300][gc,metaspace  ] GC(7) Metaspace: 50995K(53968K)->50995K(53968K) NonClass: 44348K(45904K)->44348K(45904K) Class: 6647K(8064K)->6647K(8064K)
[2023-01-04T18:30:39.421-0300][gc            ] GC(7) Pause Young (Normal) (G1 Evacuation Pause) 189M->146M(1024M) 431.278ms
[2023-01-04T18:30:39.421-0300][gc,cpu        ] GC(7) User=1.54s Sys=0.09s Real=0.43s
[2023-01-04T18:45:04.291-0300][gc,start      ] GC(8) Pause Young (Normal) (G1 Evacuation Pause)
[2023-01-04T18:45:04.291-0300][gc,task       ] GC(8) Using 4 workers of 4 for evacuation
[2023-01-04T18:45:04.297-0300][gc,phases     ] GC(8)   Pre Evacuate Collection Set: 0.8ms
[2023-01-04T18:45:04.297-0300][gc,phases     ] GC(8)   Evacuate Collection Set: 4.5ms
[2023-01-04T18:45:04.297-0300][gc,phases     ] GC(8)   Post Evacuate Collection Set: 0.6ms
[2023-01-04T18:45:04.297-0300][gc,phases     ] GC(8)   Other: 0.3ms
[2023-01-04T18:45:04.297-0300][gc,heap       ] GC(8) Eden regions: 46->0(47)
[2023-01-04T18:45:04.297-0300][gc,heap       ] GC(8) Survivor regions: 5->4(7)
[2023-01-04T18:45:04.297-0300][gc,heap       ] GC(8) Old regions: 14->15
[2023-01-04T18:45:04.297-0300][gc,heap       ] GC(8) Humongous regions: 129->129
[2023-01-04T18:45:04.297-0300][gc,metaspace  ] GC(8) Metaspace: 51134K(54224K)->51134K(54224K) NonClass: 44486K(46160K)->44486K(46160K) Class: 6647K(8064K)->6647K(8064K)
[2023-01-04T18:45:04.297-0300][gc            ] GC(8) Pause Young (Normal) (G1 Evacuation Pause) 192M->147M(1024M) 6.257ms
[2023-01-04T18:45:04.297-0300][gc,cpu        ] GC(8) User=0.02s Sys=0.00s Real=0.01s
[2023-01-04T19:00:14.695-0300][gc,start      ] GC(9) Pause Young (Normal) (G1 Evacuation Pause)
[2023-01-04T19:00:14.695-0300][gc,task       ] GC(9) Using 4 workers of 4 for evacuation
[2023-01-04T19:00:14.700-0300][gc,phases     ] GC(9)   Pre Evacuate Collection Set: 0.3ms
[2023-01-04T19:00:14.700-0300][gc,phases     ] GC(9)   Evacuate Collection Set: 4.2ms
[2023-01-04T19:00:14.700-0300][gc,phases     ] GC(9)   Post Evacuate Collection Set: 0.4ms
[2023-01-04T19:00:14.700-0300][gc,phases     ] GC(9)   Other: 0.3ms
[2023-01-04T19:00:14.700-0300][gc,heap       ] GC(9) Eden regions: 47->0(48)
[2023-01-04T19:00:14.700-0300][gc,heap       ] GC(9) Survivor regions: 4->3(7)
[2023-01-04T19:00:14.700-0300][gc,heap       ] GC(9) Old regions: 15->16
[2023-01-04T19:00:14.700-0300][gc,heap       ] GC(9) Humongous regions: 129->129
[2023-01-04T19:00:14.700-0300][gc,metaspace  ] GC(9) Metaspace: 51223K(54224K)->51223K(54224K) NonClass: 44562K(46160K)->44562K(46160K) Class: 6660K(8064K)->6660K(8064K)
[2023-01-04T19:00:14.700-0300][gc            ] GC(9) Pause Young (Normal) (G1 Evacuation Pause) 194M->147M(1024M) 5.312ms
[2023-01-04T19:00:14.700-0300][gc,cpu        ] GC(9) User=0.02s Sys=0.00s Real=0.01s
[2023-01-04T19:17:34.070-0300][gc,start      ] GC(10) Pause Young (Normal) (G1 Evacuation Pause)
[2023-01-04T19:17:34.070-0300][gc,task       ] GC(10) Using 4 workers of 4 for evacuation
[2023-01-04T19:17:34.077-0300][gc,phases     ] GC(10)   Pre Evacuate Collection Set: 0.6ms
[2023-01-04T19:17:34.077-0300][gc,phases     ] GC(10)   Evacuate Collection Set: 5.0ms
[2023-01-04T19:17:34.077-0300][gc,phases     ] GC(10)   Post Evacuate Collection Set: 0.5ms
[2023-01-04T19:17:34.077-0300][gc,phases     ] GC(10)   Other: 0.7ms
[2023-01-04T19:17:34.077-0300][gc,heap       ] GC(10) Eden regions: 48->0(48)
[2023-01-04T19:17:34.077-0300][gc,heap       ] GC(10) Survivor regions: 3->3(7)
[2023-01-04T19:17:34.077-0300][gc,heap       ] GC(10) Old regions: 16->16
[2023-01-04T19:17:34.077-0300][gc,heap       ] GC(10) Humongous regions: 129->129
[2023-01-04T19:17:34.077-0300][gc,metaspace  ] GC(10) Metaspace: 51281K(54224K)->51281K(54224K) NonClass: 44619K(46160K)->44619K(46160K) Class: 6661K(8064K)->6661K(8064K)
[2023-01-04T19:17:34.077-0300][gc            ] GC(10) Pause Young (Normal) (G1 Evacuation Pause) 195M->147M(1024M) 6.934ms
[2023-01-04T19:17:34.077-0300][gc,cpu        ] GC(10) User=0.02s Sys=0.01s Real=0.00s
[2023-01-04T19:35:09.285-0300][gc,start      ] GC(11) Pause Young (Normal) (G1 Evacuation Pause)
[2023-01-04T19:35:09.285-0300][gc,task       ] GC(11) Using 4 workers of 4 for evacuation
[2023-01-04T19:35:09.290-0300][gc,phases     ] GC(11)   Pre Evacuate Collection Set: 0.4ms
[2023-01-04T19:35:09.290-0300][gc,phases     ] GC(11)   Evacuate Collection Set: 4.2ms
[2023-01-04T19:35:09.290-0300][gc,phases     ] GC(11)   Post Evacuate Collection Set: 0.6ms
[2023-01-04T19:35:09.290-0300][gc,phases     ] GC(11)   Other: 0.5ms
[2023-01-04T19:35:09.290-0300][gc,heap       ] GC(11) Eden regions: 48->0(47)
[2023-01-04T19:35:09.290-0300][gc,heap       ] GC(11) Survivor regions: 3->4(7)
[2023-01-04T19:35:09.290-0300][gc,heap       ] GC(11) Old regions: 16->16
[2023-01-04T19:35:09.290-0300][gc,heap       ] GC(11) Humongous regions: 129->129
[2023-01-04T19:35:09.290-0300][gc,metaspace  ] GC(11) Metaspace: 51310K(54224K)->51310K(54224K) NonClass: 44649K(46160K)->44649K(46160K) Class: 6661K(8064K)->6661K(8064K)
[2023-01-04T19:35:09.291-0300][gc            ] GC(11) Pause Young (Normal) (G1 Evacuation Pause) 195M->148M(1024M) 5.915ms
[2023-01-04T19:35:09.291-0300][gc,cpu        ] GC(11) User=0.02s Sys=0.01s Real=0.01s
