[2023-01-04T17:45:00.121-0300][gc,heap] Heap region size: 1M
[2023-01-04T17:45:00.127-0300][gc     ] Using G1
[2023-01-04T17:45:00.127-0300][gc,heap,coops] Heap address: 0x00000000e0000000, size: 512 MB, Compressed Oops mode: 32-bit
[2023-01-04T17:47:03.669-0300][gc,start     ] GC(0) Pause Young (Normal) (G1 Evacuation Pause)
[2023-01-04T17:47:03.669-0300][gc,task      ] GC(0) Using 4 workers of 4 for evacuation
[2023-01-04T17:47:03.676-0300][gc,phases    ] GC(0)   Pre Evacuate Collection Set: 0.7ms
[2023-01-04T17:47:03.676-0300][gc,phases    ] GC(0)   Evacuate Collection Set: 5.4ms
[2023-01-04T17:47:03.676-0300][gc,phases    ] GC(0)   Post Evacuate Collection Set: 0.5ms
[2023-01-04T17:47:03.676-0300][gc,phases    ] GC(0)   Other: 0.6ms
[2023-01-04T17:47:03.676-0300][gc,heap      ] GC(0) Eden regions: 25->0(21)
[2023-01-04T17:47:03.676-0300][gc,heap      ] GC(0) Survivor regions: 0->4(4)
[2023-01-04T17:47:03.676-0300][gc,heap      ] GC(0) Old regions: 0->3
[2023-01-04T17:47:03.676-0300][gc,heap      ] GC(0) Humongous regions: 0->0
[2023-01-04T17:47:03.676-0300][gc,metaspace ] GC(0) Metaspace: 15414K(16000K)->15414K(16000K) NonClass: 13877K(14336K)->13877K(14336K) Class: 1537K(1664K)->1537K(1664K)
[2023-01-04T17:47:03.676-0300][gc           ] GC(0) Pause Young (Normal) (G1 Evacuation Pause) 25M->6M(512M) 7.409ms
[2023-01-04T17:47:03.676-0300][gc,cpu       ] GC(0) User=0.02s Sys=0.00s Real=0.00s
[2023-01-04T19:45:09.705-0300][gc,heap,exit ] Heap
[2023-01-04T19:45:09.705-0300][gc,heap,exit ]  garbage-first heap   total 524288K, used 16392K [0x00000000e0000000, 0x0000000100000000)
[2023-01-04T19:45:09.705-0300][gc,heap,exit ]   region size 1024K, 15 young (15360K), 4 survivors (4096K)
[2023-01-04T19:45:09.705-0300][gc,heap,exit ]  Metaspace       used 16204K, capacity 16554K, committed 16896K, reserved 1064960K
[2023-01-04T19:45:09.705-0300][gc,heap,exit ]   class space    used 1572K, capacity 1688K, committed 1792K, reserved 1048576K
